Analysis & Synthesis report for uart
Mon Sep 14 07:03:56 2026
Quartus II 64-Bit Version 13.1.0 Build 162 10/23/2013 SJ Web Edition


---------------------
; Table of Contents ;
---------------------
  1. Legal Notice
  2. Analysis & Synthesis Summary
  3. Analysis & Synthesis Settings
  4. Parallel Compilation
  5. Analysis & Synthesis Source Files Read
  6. Analysis & Synthesis Resource Usage Summary
  7. Analysis & Synthesis Resource Utilization by Entity
  8. Analysis & Synthesis RAM Summary
  9. State Machine - |uart|uart_tx:u_uart_tx|state
 10. State Machine - |uart|tx_controller:u_tx_controller|state
 11. State Machine - |uart|uart_rx:u_uart_rx|state
 12. Registers Removed During Synthesis
 13. General Register Statistics
 14. Inverted Register Statistics
 15. Registers Added for RAM Pass-Through Logic
 16. Multiplexer Restructuring Statistics (Restructuring Performed)
 17. Source assignments for fifo:u_fifo_tx|altsyncram:memory_rtl_0|altsyncram_5pd1:auto_generated
 18. Source assignments for fifo:u_fifo_rx|altsyncram:memory_rtl_0|altsyncram_5pd1:auto_generated
 19. Parameter Settings for User Entity Instance: Top-level Entity: |uart
 20. Parameter Settings for User Entity Instance: baud_gen:u_baud_gen
 21. Parameter Settings for User Entity Instance: fifo:u_fifo_rx
 22. Parameter Settings for User Entity Instance: fifo:u_fifo_tx
 23. Parameter Settings for Inferred Entity Instance: fifo:u_fifo_tx|altsyncram:memory_rtl_0
 24. Parameter Settings for Inferred Entity Instance: fifo:u_fifo_rx|altsyncram:memory_rtl_0
 25. altsyncram Parameter Settings by Entity Instance
 26. Port Connectivity Checks: "fifo:u_fifo_rx"
 27. Elapsed Time Per Partition
 28. Analysis & Synthesis Messages



----------------
; Legal Notice ;
----------------
Copyright (C) 1991-2013 Altera Corporation
Your use of Altera Corporation's design tools, logic functions 
and other software and tools, and its AMPP partner logic 
functions, and any output files from any of the foregoing 
(including device programming or simulation files), and any 
associated documentation or information are expressly subject 
to the terms and conditions of the Altera Program License 
Subscription Agreement, Altera MegaCore Function License 
Agreement, or other applicable license agreement, including, 
without limitation, that your use is for the sole purpose of 
programming logic devices manufactured by Altera and sold by 
Altera or its authorized distributors.  Please refer to the 
applicable agreement for further details.



+---------------------------------------------------------------------------------+
; Analysis & Synthesis Summary                                                    ;
+------------------------------------+--------------------------------------------+
; Analysis & Synthesis Status        ; Successful - Mon Sep 14 07:03:56 2026      ;
; Quartus II 64-Bit Version          ; 13.1.0 Build 162 10/23/2013 SJ Web Edition ;
; Revision Name                      ; uart                                       ;
; Top-level Entity Name              ; uart                                       ;
; Family                             ; Cyclone IV E                               ;
; Total logic elements               ; 234                                        ;
;     Total combinational functions  ; 176                                        ;
;     Dedicated logic registers      ; 138                                        ;
; Total registers                    ; 138                                        ;
; Total pins                         ; 4                                          ;
; Total virtual pins                 ; 0                                          ;
; Total memory bits                  ; 256                                        ;
; Embedded Multiplier 9-bit elements ; 0                                          ;
; Total PLLs                         ; 0                                          ;
+------------------------------------+--------------------------------------------+


+----------------------------------------------------------------------------------------------------------------------+
; Analysis & Synthesis Settings                                                                                        ;
+----------------------------------------------------------------------------+--------------------+--------------------+
; Option                                                                     ; Setting            ; Default Value      ;
+----------------------------------------------------------------------------+--------------------+--------------------+
; Device                                                                     ; EP4CE115F29C7      ;                    ;
; Top-level entity name                                                      ; uart               ; uart               ;
; Family name                                                                ; Cyclone IV E       ; Cyclone IV GX      ;
; Use smart compilation                                                      ; Off                ; Off                ;
; Enable parallel Assembler and TimeQuest Timing Analyzer during compilation ; On                 ; On                 ;
; Enable compact report table                                                ; Off                ; Off                ;
; Restructure Multiplexers                                                   ; Auto               ; Auto               ;
; Create Debugging Nodes for IP Cores                                        ; Off                ; Off                ;
; Preserve fewer node names                                                  ; On                 ; On                 ;
; Disable OpenCore Plus hardware evaluation                                  ; Off                ; Off                ;
; Verilog Version                                                            ; Verilog_2001       ; Verilog_2001       ;
; VHDL Version                                                               ; VHDL_1993          ; VHDL_1993          ;
; State Machine Processing                                                   ; Auto               ; Auto               ;
; Safe State Machine                                                         ; Off                ; Off                ;
; Extract Verilog State Machines                                             ; On                 ; On                 ;
; Extract VHDL State Machines                                                ; On                 ; On                 ;
; Ignore Verilog initial constructs                                          ; Off                ; Off                ;
; Iteration limit for constant Verilog loops                                 ; 5000               ; 5000               ;
; Iteration limit for non-constant Verilog loops                             ; 250                ; 250                ;
; Add Pass-Through Logic to Inferred RAMs                                    ; On                 ; On                 ;
; Infer RAMs from Raw Logic                                                  ; On                 ; On                 ;
; Parallel Synthesis                                                         ; On                 ; On                 ;
; DSP Block Balancing                                                        ; Auto               ; Auto               ;
; NOT Gate Push-Back                                                         ; On                 ; On                 ;
; Power-Up Don't Care                                                        ; On                 ; On                 ;
; Remove Redundant Logic Cells                                               ; Off                ; Off                ;
; Remove Duplicate Registers                                                 ; On                 ; On                 ;
; Ignore CARRY Buffers                                                       ; Off                ; Off                ;
; Ignore CASCADE Buffers                                                     ; Off                ; Off                ;
; Ignore GLOBAL Buffers                                                      ; Off                ; Off                ;
; Ignore ROW GLOBAL Buffers                                                  ; Off                ; Off                ;
; Ignore LCELL Buffers                                                       ; Off                ; Off                ;
; Ignore SOFT Buffers                                                        ; On                 ; On                 ;
; Limit AHDL Integers to 32 Bits                                             ; Off                ; Off                ;
; Optimization Technique                                                     ; Balanced           ; Balanced           ;
; Carry Chain Length                                                         ; 70                 ; 70                 ;
; Auto Carry Chains                                                          ; On                 ; On                 ;
; Auto Open-Drain Pins                                                       ; On                 ; On                 ;
; Perform WYSIWYG Primitive Resynthesis                                      ; Off                ; Off                ;
; Auto ROM Replacement                                                       ; On                 ; On                 ;
; Auto RAM Replacement                                                       ; On                 ; On                 ;
; Auto DSP Block Replacement                                                 ; On                 ; On                 ;
; Auto Shift Register Replacement                                            ; Auto               ; Auto               ;
; Allow Shift Register Merging across Hierarchies                            ; Auto               ; Auto               ;
; Auto Clock Enable Replacement                                              ; On                 ; On                 ;
; Strict RAM Replacement                                                     ; Off                ; Off                ;
; Allow Synchronous Control Signals                                          ; On                 ; On                 ;
; Force Use of Synchronous Clear Signals                                     ; Off                ; Off                ;
; Auto RAM Block Balancing                                                   ; On                 ; On                 ;
; Auto RAM to Logic Cell Conversion                                          ; Off                ; Off                ;
; Auto Resource Sharing                                                      ; Off                ; Off                ;
; Allow Any RAM Size For Recognition                                         ; Off                ; Off                ;
; Allow Any ROM Size For Recognition                                         ; Off                ; Off                ;
; Allow Any Shift Register Size For Recognition                              ; Off                ; Off                ;
; Use LogicLock Constraints during Resource Balancing                        ; On                 ; On                 ;
; Ignore translate_off and synthesis_off directives                          ; Off                ; Off                ;
; Timing-Driven Synthesis                                                    ; On                 ; On                 ;
; Report Parameter Settings                                                  ; On                 ; On                 ;
; Report Source Assignments                                                  ; On                 ; On                 ;
; Report Connectivity Checks                                                 ; On                 ; On                 ;
; Ignore Maximum Fan-Out Assignments                                         ; Off                ; Off                ;
; Synchronization Register Chain Length                                      ; 2                  ; 2                  ;
; PowerPlay Power Optimization                                               ; Normal compilation ; Normal compilation ;
; HDL message level                                                          ; Level2             ; Level2             ;
; Suppress Register Optimization Related Messages                            ; Off                ; Off                ;
; Number of Removed Registers Reported in Synthesis Report                   ; 5000               ; 5000               ;
; Number of Swept Nodes Reported in Synthesis Report                         ; 5000               ; 5000               ;
; Number of Inverted Registers Reported in Synthesis Report                  ; 100                ; 100                ;
; Clock MUX Protection                                                       ; On                 ; On                 ;
; Auto Gated Clock Conversion                                                ; Off                ; Off                ;
; Block Design Naming                                                        ; Auto               ; Auto               ;
; SDC constraint protection                                                  ; Off                ; Off                ;
; Synthesis Effort                                                           ; Auto               ; Auto               ;
; Shift Register Replacement - Allow Asynchronous Clear Signal               ; On                 ; On                 ;
; Pre-Mapping Resynthesis Optimization                                       ; Off                ; Off                ;
; Analysis & Synthesis Message Level                                         ; Medium             ; Medium             ;
; Disable Register Merging Across Hierarchies                                ; Auto               ; Auto               ;
; Resource Aware Inference For Block RAM                                     ; On                 ; On                 ;
; Synthesis Seed                                                             ; 1                  ; 1                  ;
+----------------------------------------------------------------------------+--------------------+--------------------+


+------------------------------------------+
; Parallel Compilation                     ;
+----------------------------+-------------+
; Processors                 ; Number      ;
+----------------------------+-------------+
; Number detected on machine ; 32          ;
; Maximum allowed            ; 16          ;
;                            ;             ;
; Average used               ; 1.00        ;
; Maximum used               ; 1           ;
;                            ;             ;
; Usage by Processor         ; % Time Used ;
;     Processor 1            ; 100.0%      ;
;     Processors 2-32        ;   0.0%      ;
+----------------------------+-------------+


+---------------------------------------------------------------------------------------------------------------------------------------------------------------------------+
; Analysis & Synthesis Source Files Read                                                                                                                                    ;
+----------------------------------+-----------------+------------------------------+-----------------------------------------------------------------------------+---------+
; File Name with User-Entered Path ; Used in Netlist ; File Type                    ; File Name with Absolute Path                                                ; Library ;
+----------------------------------+-----------------+------------------------------+-----------------------------------------------------------------------------+---------+
; tx_controller.v                  ; yes             ; User Verilog HDL File        ; D:/U_Practice/Du An Ky Thuat Nang Cao/uart_loop_back/tx_controller.v        ;         ;
; baud_gen.v                       ; yes             ; User Verilog HDL File        ; D:/U_Practice/Du An Ky Thuat Nang Cao/uart_loop_back/baud_gen.v             ;         ;
; uart_rx.v                        ; yes             ; User Verilog HDL File        ; D:/U_Practice/Du An Ky Thuat Nang Cao/uart_loop_back/uart_rx.v              ;         ;
; uart_tx.v                        ; yes             ; User Verilog HDL File        ; D:/U_Practice/Du An Ky Thuat Nang Cao/uart_loop_back/uart_tx.v              ;         ;
; fifo.v                           ; yes             ; User Verilog HDL File        ; D:/U_Practice/Du An Ky Thuat Nang Cao/uart_loop_back/fifo.v                 ;         ;
; uart.v                           ; yes             ; User Verilog HDL File        ; D:/U_Practice/Du An Ky Thuat Nang Cao/uart_loop_back/uart.v                 ;         ;
; altsyncram.tdf                   ; yes             ; Megafunction                 ; d:/altera/13.1/quartus/libraries/megafunctions/altsyncram.tdf               ;         ;
; stratix_ram_block.inc            ; yes             ; Megafunction                 ; d:/altera/13.1/quartus/libraries/megafunctions/stratix_ram_block.inc        ;         ;
; lpm_mux.inc                      ; yes             ; Megafunction                 ; d:/altera/13.1/quartus/libraries/megafunctions/lpm_mux.inc                  ;         ;
; lpm_decode.inc                   ; yes             ; Megafunction                 ; d:/altera/13.1/quartus/libraries/megafunctions/lpm_decode.inc               ;         ;
; aglobal131.inc                   ; yes             ; Megafunction                 ; d:/altera/13.1/quartus/libraries/megafunctions/aglobal131.inc               ;         ;
; a_rdenreg.inc                    ; yes             ; Megafunction                 ; d:/altera/13.1/quartus/libraries/megafunctions/a_rdenreg.inc                ;         ;
; altrom.inc                       ; yes             ; Megafunction                 ; d:/altera/13.1/quartus/libraries/megafunctions/altrom.inc                   ;         ;
; altram.inc                       ; yes             ; Megafunction                 ; d:/altera/13.1/quartus/libraries/megafunctions/altram.inc                   ;         ;
; altdpram.inc                     ; yes             ; Megafunction                 ; d:/altera/13.1/quartus/libraries/megafunctions/altdpram.inc                 ;         ;
; db/altsyncram_5pd1.tdf           ; yes             ; Auto-Generated Megafunction  ; D:/U_Practice/Du An Ky Thuat Nang Cao/uart_loop_back/db/altsyncram_5pd1.tdf ;         ;
+----------------------------------+-----------------+------------------------------+-----------------------------------------------------------------------------+---------+


+-----------------------------------------------------------+
; Analysis & Synthesis Resource Usage Summary               ;
+---------------------------------------------+-------------+
; Resource                                    ; Usage       ;
+---------------------------------------------+-------------+
; Estimated Total logic elements              ; 234         ;
;                                             ;             ;
; Total combinational functions               ; 176         ;
; Logic element usage by number of LUT inputs ;             ;
;     -- 4 input functions                    ; 81          ;
;     -- 3 input functions                    ; 54          ;
;     -- <=2 input functions                  ; 41          ;
;                                             ;             ;
; Logic elements by mode                      ;             ;
;     -- normal mode                          ; 152         ;
;     -- arithmetic mode                      ; 24          ;
;                                             ;             ;
; Total registers                             ; 138         ;
;     -- Dedicated logic registers            ; 138         ;
;     -- I/O registers                        ; 0           ;
;                                             ;             ;
; I/O pins                                    ; 4           ;
; Total memory bits                           ; 256         ;
; Embedded Multiplier 9-bit elements          ; 0           ;
; Maximum fan-out node                        ; clk_i~input ;
; Maximum fan-out                             ; 154         ;
; Total fan-out                               ; 1201        ;
; Average fan-out                             ; 3.55        ;
+---------------------------------------------+-------------+


+----------------------------------------------------------------------------------------------------------------------------------------------------------------------------------------------------------------------------------------------------+
; Analysis & Synthesis Resource Utilization by Entity                                                                                                                                                                                                ;
+-------------------------------------------+-------------------+--------------+-------------+--------------+---------+-----------+------+--------------+-----------------------------------------------------------------------------+--------------+
; Compilation Hierarchy Node                ; LC Combinationals ; LC Registers ; Memory Bits ; DSP Elements ; DSP 9x9 ; DSP 18x18 ; Pins ; Virtual Pins ; Full Hierarchy Name                                                         ; Library Name ;
+-------------------------------------------+-------------------+--------------+-------------+--------------+---------+-----------+------+--------------+-----------------------------------------------------------------------------+--------------+
; |uart                                     ; 176 (0)           ; 138 (0)      ; 256         ; 0            ; 0       ; 0         ; 4    ; 0            ; |uart                                                                       ; work         ;
;    |baud_gen:u_baud_gen|                  ; 16 (16)           ; 10 (10)      ; 0           ; 0            ; 0       ; 0         ; 0    ; 0            ; |uart|baud_gen:u_baud_gen                                                   ; work         ;
;    |fifo:u_fifo_rx|                       ; 44 (44)           ; 38 (38)      ; 128         ; 0            ; 0       ; 0         ; 0    ; 0            ; |uart|fifo:u_fifo_rx                                                        ; work         ;
;       |altsyncram:memory_rtl_0|           ; 0 (0)             ; 0 (0)        ; 128         ; 0            ; 0       ; 0         ; 0    ; 0            ; |uart|fifo:u_fifo_rx|altsyncram:memory_rtl_0                                ; work         ;
;          |altsyncram_5pd1:auto_generated| ; 0 (0)             ; 0 (0)        ; 128         ; 0            ; 0       ; 0         ; 0    ; 0            ; |uart|fifo:u_fifo_rx|altsyncram:memory_rtl_0|altsyncram_5pd1:auto_generated ; work         ;
;    |fifo:u_fifo_tx|                       ; 31 (31)           ; 36 (36)      ; 128         ; 0            ; 0       ; 0         ; 0    ; 0            ; |uart|fifo:u_fifo_tx                                                        ; work         ;
;       |altsyncram:memory_rtl_0|           ; 0 (0)             ; 0 (0)        ; 128         ; 0            ; 0       ; 0         ; 0    ; 0            ; |uart|fifo:u_fifo_tx|altsyncram:memory_rtl_0                                ; work         ;
;          |altsyncram_5pd1:auto_generated| ; 0 (0)             ; 0 (0)        ; 128         ; 0            ; 0       ; 0         ; 0    ; 0            ; |uart|fifo:u_fifo_tx|altsyncram:memory_rtl_0|altsyncram_5pd1:auto_generated ; work         ;
;    |tx_controller:u_tx_controller|        ; 4 (4)             ; 5 (5)        ; 0           ; 0            ; 0       ; 0         ; 0    ; 0            ; |uart|tx_controller:u_tx_controller                                         ; work         ;
;    |uart_rx:u_uart_rx|                    ; 29 (29)           ; 28 (28)      ; 0           ; 0            ; 0       ; 0         ; 0    ; 0            ; |uart|uart_rx:u_uart_rx                                                     ; work         ;
;    |uart_tx:u_uart_tx|                    ; 52 (52)           ; 21 (21)      ; 0           ; 0            ; 0       ; 0         ; 0    ; 0            ; |uart|uart_tx:u_uart_tx                                                     ; work         ;
+-------------------------------------------+-------------------+--------------+-------------+--------------+---------+-----------+------+--------------+-----------------------------------------------------------------------------+--------------+
Note: For table entries with two numbers listed, the numbers in parentheses indicate the number of resources of the given type used by the specific entity alone. The numbers listed outside of parentheses indicate the total resources of the given type used by the specific entity and all of its sub-entities in the hierarchy.


+--------------------------------------------------------------------------------------------------------------------------------------------------------------------------------------+
; Analysis & Synthesis RAM Summary                                                                                                                                                     ;
+----------------------------------------------------------------------------------+------+------------------+--------------+--------------+--------------+--------------+------+------+
; Name                                                                             ; Type ; Mode             ; Port A Depth ; Port A Width ; Port B Depth ; Port B Width ; Size ; MIF  ;
+----------------------------------------------------------------------------------+------+------------------+--------------+--------------+--------------+--------------+------+------+
; fifo:u_fifo_rx|altsyncram:memory_rtl_0|altsyncram_5pd1:auto_generated|ALTSYNCRAM ; AUTO ; Simple Dual Port ; 16           ; 8            ; 16           ; 8            ; 128  ; None ;
; fifo:u_fifo_tx|altsyncram:memory_rtl_0|altsyncram_5pd1:auto_generated|ALTSYNCRAM ; AUTO ; Simple Dual Port ; 16           ; 8            ; 16           ; 8            ; 128  ; None ;
+----------------------------------------------------------------------------------+------+------------------+--------------+--------------+--------------+--------------+------+------+


Encoding Type:  One-Hot
+------------------------------------------------------------------+
; State Machine - |uart|uart_tx:u_uart_tx|state                    ;
+-------------+------------+------------+-------------+------------+
; Name        ; state.STOP ; state.DATA ; state.START ; state.IDLE ;
+-------------+------------+------------+-------------+------------+
; state.IDLE  ; 0          ; 0          ; 0           ; 0          ;
; state.START ; 0          ; 0          ; 1           ; 1          ;
; state.DATA  ; 0          ; 1          ; 0           ; 1          ;
; state.STOP  ; 1          ; 0          ; 0           ; 1          ;
+-------------+------------+------------+-------------+------------+


Encoding Type:  One-Hot
+-----------------------------------------------------------------------------------------+
; State Machine - |uart|tx_controller:u_tx_controller|state                               ;
+-----------------------+------------------+----------------------+-----------------------+
; Name                  ; state.STATE_IDLE ; state.STATE_START_TX ; state.STATE_READ_FIFO ;
+-----------------------+------------------+----------------------+-----------------------+
; state.STATE_IDLE      ; 0                ; 0                    ; 0                     ;
; state.STATE_READ_FIFO ; 1                ; 0                    ; 1                     ;
; state.STATE_START_TX  ; 1                ; 1                    ; 0                     ;
+-----------------------+------------------+----------------------+-----------------------+


Encoding Type:  One-Hot
+------------------------------------------------------------------+
; State Machine - |uart|uart_rx:u_uart_rx|state                    ;
+-------------+------------+------------+-------------+------------+
; Name        ; state.STOP ; state.DATA ; state.START ; state.IDLE ;
+-------------+------------+------------+-------------+------------+
; state.IDLE  ; 0          ; 0          ; 0           ; 0          ;
; state.START ; 0          ; 0          ; 1           ; 1          ;
; state.DATA  ; 0          ; 1          ; 0           ; 1          ;
; state.STOP  ; 1          ; 0          ; 0           ; 1          ;
+-------------+------------+------------+-------------+------------+


+----------------------------------------------------------------------------------------------------------+
; Registers Removed During Synthesis                                                                       ;
+----------------------------------------------------+-----------------------------------------------------+
; Register name                                      ; Reason for Removal                                  ;
+----------------------------------------------------+-----------------------------------------------------+
; fifo:u_fifo_rx|r_ptr[0]                            ; Merged with fifo:u_fifo_tx|w_ptr[0]                 ;
; uart_tx:u_uart_tx|state~8                          ; Lost fanout                                         ;
; uart_tx:u_uart_tx|state~9                          ; Lost fanout                                         ;
; uart_rx:u_uart_rx|state~8                          ; Lost fanout                                         ;
; uart_rx:u_uart_rx|state~9                          ; Lost fanout                                         ;
; tx_controller:u_tx_controller|state.STATE_START_TX ; Merged with tx_controller:u_tx_controller|fifo_rd_o ;
; fifo:u_fifo_tx|w_ptr[1]                            ; Merged with fifo:u_fifo_rx|r_ptr[1]                 ;
; fifo:u_fifo_tx|w_ptr[2]                            ; Merged with fifo:u_fifo_rx|r_ptr[2]                 ;
; fifo:u_fifo_tx|w_ptr[3]                            ; Merged with fifo:u_fifo_rx|r_ptr[3]                 ;
; Total Number of Removed Registers = 9              ;                                                     ;
+----------------------------------------------------+-----------------------------------------------------+


+------------------------------------------------------+
; General Register Statistics                          ;
+----------------------------------------------+-------+
; Statistic                                    ; Value ;
+----------------------------------------------+-------+
; Total registers                              ; 138   ;
; Number of registers using Synchronous Clear  ; 0     ;
; Number of registers using Synchronous Load   ; 10    ;
; Number of registers using Asynchronous Clear ; 96    ;
; Number of registers using Asynchronous Load  ; 0     ;
; Number of registers using Clock Enable       ; 57    ;
; Number of registers using Preset             ; 0     ;
+----------------------------------------------+-------+


+----------------------------------------------------+
; Inverted Register Statistics                       ;
+------------------------------------------+---------+
; Inverted Register                        ; Fan out ;
+------------------------------------------+---------+
; uart_tx:u_uart_tx|tx_o                   ; 1       ;
; tx_controller:u_tx_controller|uart_ready ; 3       ;
; Total number of inverted registers = 2   ;         ;
+------------------------------------------+---------+


+----------------------------------------------------------------------+
; Registers Added for RAM Pass-Through Logic                           ;
+----------------------------------------+-----------------------------+
; Register Name                          ; RAM Name                    ;
+----------------------------------------+-----------------------------+
; fifo:u_fifo_tx|memory_rtl_0_bypass[0]  ; fifo:u_fifo_tx|memory_rtl_0 ;
; fifo:u_fifo_tx|memory_rtl_0_bypass[1]  ; fifo:u_fifo_tx|memory_rtl_0 ;
; fifo:u_fifo_tx|memory_rtl_0_bypass[2]  ; fifo:u_fifo_tx|memory_rtl_0 ;
; fifo:u_fifo_tx|memory_rtl_0_bypass[3]  ; fifo:u_fifo_tx|memory_rtl_0 ;
; fifo:u_fifo_tx|memory_rtl_0_bypass[4]  ; fifo:u_fifo_tx|memory_rtl_0 ;
; fifo:u_fifo_tx|memory_rtl_0_bypass[5]  ; fifo:u_fifo_tx|memory_rtl_0 ;
; fifo:u_fifo_tx|memory_rtl_0_bypass[6]  ; fifo:u_fifo_tx|memory_rtl_0 ;
; fifo:u_fifo_tx|memory_rtl_0_bypass[7]  ; fifo:u_fifo_tx|memory_rtl_0 ;
; fifo:u_fifo_tx|memory_rtl_0_bypass[8]  ; fifo:u_fifo_tx|memory_rtl_0 ;
; fifo:u_fifo_tx|memory_rtl_0_bypass[9]  ; fifo:u_fifo_tx|memory_rtl_0 ;
; fifo:u_fifo_tx|memory_rtl_0_bypass[10] ; fifo:u_fifo_tx|memory_rtl_0 ;
; fifo:u_fifo_tx|memory_rtl_0_bypass[11] ; fifo:u_fifo_tx|memory_rtl_0 ;
; fifo:u_fifo_tx|memory_rtl_0_bypass[12] ; fifo:u_fifo_tx|memory_rtl_0 ;
; fifo:u_fifo_tx|memory_rtl_0_bypass[13] ; fifo:u_fifo_tx|memory_rtl_0 ;
; fifo:u_fifo_tx|memory_rtl_0_bypass[14] ; fifo:u_fifo_tx|memory_rtl_0 ;
; fifo:u_fifo_tx|memory_rtl_0_bypass[15] ; fifo:u_fifo_tx|memory_rtl_0 ;
; fifo:u_fifo_tx|memory_rtl_0_bypass[16] ; fifo:u_fifo_tx|memory_rtl_0 ;
; fifo:u_fifo_rx|memory_rtl_0_bypass[0]  ; fifo:u_fifo_rx|memory_rtl_0 ;
; fifo:u_fifo_rx|memory_rtl_0_bypass[1]  ; fifo:u_fifo_rx|memory_rtl_0 ;
; fifo:u_fifo_rx|memory_rtl_0_bypass[2]  ; fifo:u_fifo_rx|memory_rtl_0 ;
; fifo:u_fifo_rx|memory_rtl_0_bypass[3]  ; fifo:u_fifo_rx|memory_rtl_0 ;
; fifo:u_fifo_rx|memory_rtl_0_bypass[4]  ; fifo:u_fifo_rx|memory_rtl_0 ;
; fifo:u_fifo_rx|memory_rtl_0_bypass[5]  ; fifo:u_fifo_rx|memory_rtl_0 ;
; fifo:u_fifo_rx|memory_rtl_0_bypass[6]  ; fifo:u_fifo_rx|memory_rtl_0 ;
; fifo:u_fifo_rx|memory_rtl_0_bypass[7]  ; fifo:u_fifo_rx|memory_rtl_0 ;
; fifo:u_fifo_rx|memory_rtl_0_bypass[8]  ; fifo:u_fifo_rx|memory_rtl_0 ;
; fifo:u_fifo_rx|memory_rtl_0_bypass[9]  ; fifo:u_fifo_rx|memory_rtl_0 ;
; fifo:u_fifo_rx|memory_rtl_0_bypass[10] ; fifo:u_fifo_rx|memory_rtl_0 ;
; fifo:u_fifo_rx|memory_rtl_0_bypass[11] ; fifo:u_fifo_rx|memory_rtl_0 ;
; fifo:u_fifo_rx|memory_rtl_0_bypass[12] ; fifo:u_fifo_rx|memory_rtl_0 ;
; fifo:u_fifo_rx|memory_rtl_0_bypass[13] ; fifo:u_fifo_rx|memory_rtl_0 ;
; fifo:u_fifo_rx|memory_rtl_0_bypass[14] ; fifo:u_fifo_rx|memory_rtl_0 ;
; fifo:u_fifo_rx|memory_rtl_0_bypass[15] ; fifo:u_fifo_rx|memory_rtl_0 ;
; fifo:u_fifo_rx|memory_rtl_0_bypass[16] ; fifo:u_fifo_rx|memory_rtl_0 ;
+----------------------------------------+-----------------------------+


+---------------------------------------------------------------------------------------------------------------------------------------------------+
; Multiplexer Restructuring Statistics (Restructuring Performed)                                                                                    ;
+--------------------+-----------+---------------+----------------------+------------------------+------------+-------------------------------------+
; Multiplexer Inputs ; Bus Width ; Baseline Area ; Area if Restructured ; Saving if Restructured ; Registered ; Example Multiplexer Output          ;
+--------------------+-----------+---------------+----------------------+------------------------+------------+-------------------------------------+
; 3:1                ; 5 bits    ; 10 LEs        ; 5 LEs                ; 5 LEs                  ; Yes        ; |uart|fifo:u_fifo_tx|fifo_cnt[2]    ;
; 3:1                ; 5 bits    ; 10 LEs        ; 5 LEs                ; 5 LEs                  ; Yes        ; |uart|fifo:u_fifo_rx|fifo_cnt[1]    ;
; 8:1                ; 7 bits    ; 35 LEs        ; 14 LEs               ; 21 LEs                 ; Yes        ; |uart|uart_tx:u_uart_tx|b_reg[6]    ;
; 8:1                ; 3 bits    ; 15 LEs        ; 3 LEs                ; 12 LEs                 ; Yes        ; |uart|uart_tx:u_uart_tx|bit_cnt[0]  ;
; 8:1                ; 3 bits    ; 15 LEs        ; 3 LEs                ; 12 LEs                 ; Yes        ; |uart|uart_rx:u_uart_rx|bit_cnt[0]  ;
; 8:1                ; 4 bits    ; 20 LEs        ; 4 LEs                ; 16 LEs                 ; Yes        ; |uart|uart_tx:u_uart_tx|tick_cnt[0] ;
; 11:1               ; 4 bits    ; 28 LEs        ; 4 LEs                ; 24 LEs                 ; Yes        ; |uart|uart_rx:u_uart_rx|tick_cnt[3] ;
; 3:1                ; 8 bits    ; 16 LEs        ; 16 LEs               ; 0 LEs                  ; No         ; |uart|fifo:u_fifo_rx|memory         ;
; 9:1                ; 2 bits    ; 12 LEs        ; 4 LEs                ; 8 LEs                  ; No         ; |uart|uart_tx:u_uart_tx|Selector2   ;
; 12:1               ; 2 bits    ; 16 LEs        ; 4 LEs                ; 12 LEs                 ; No         ; |uart|uart_tx:u_uart_tx|Selector1   ;
; 12:1               ; 4 bits    ; 32 LEs        ; 12 LEs               ; 20 LEs                 ; No         ; |uart|uart_rx:u_uart_rx|Selector1   ;
+--------------------+-----------+---------------+----------------------+------------------------+------------+-------------------------------------+


+----------------------------------------------------------------------------------------------+
; Source assignments for fifo:u_fifo_tx|altsyncram:memory_rtl_0|altsyncram_5pd1:auto_generated ;
+---------------------------------+--------------------+------+--------------------------------+
; Assignment                      ; Value              ; From ; To                             ;
+---------------------------------+--------------------+------+--------------------------------+
; OPTIMIZE_POWER_DURING_SYNTHESIS ; NORMAL_COMPILATION ; -    ; -                              ;
+---------------------------------+--------------------+------+--------------------------------+


+----------------------------------------------------------------------------------------------+
; Source assignments for fifo:u_fifo_rx|altsyncram:memory_rtl_0|altsyncram_5pd1:auto_generated ;
+---------------------------------+--------------------+------+--------------------------------+
; Assignment                      ; Value              ; From ; To                             ;
+---------------------------------+--------------------+------+--------------------------------+
; OPTIMIZE_POWER_DURING_SYNTHESIS ; NORMAL_COMPILATION ; -    ; -                              ;
+---------------------------------+--------------------+------+--------------------------------+


+----------------------------------------------------------------------+
; Parameter Settings for User Entity Instance: Top-level Entity: |uart ;
+----------------+----------+------------------------------------------+
; Parameter Name ; Value    ; Type                                     ;
+----------------+----------+------------------------------------------+
; CLK_FREQ       ; 50000000 ; Signed Integer                           ;
; BAUDRATE       ; 9600     ; Signed Integer                           ;
+----------------+----------+------------------------------------------+
Note: In order to hide this table in the UI and the text report file, please set the "Show Parameter Settings in Synthesis Report" option in "Analysis and Synthesis Settings -> More Settings" to "Off".


+------------------------------------------------------------------+
; Parameter Settings for User Entity Instance: baud_gen:u_baud_gen ;
+----------------+----------+--------------------------------------+
; Parameter Name ; Value    ; Type                                 ;
+----------------+----------+--------------------------------------+
; CLK_FREQ       ; 50000000 ; Signed Integer                       ;
; BAUDRATE       ; 9600     ; Signed Integer                       ;
+----------------+----------+--------------------------------------+
Note: In order to hide this table in the UI and the text report file, please set the "Show Parameter Settings in Synthesis Report" option in "Analysis and Synthesis Settings -> More Settings" to "Off".


+-------------------------------------------------------------+
; Parameter Settings for User Entity Instance: fifo:u_fifo_rx ;
+----------------+-------+------------------------------------+
; Parameter Name ; Value ; Type                               ;
+----------------+-------+------------------------------------+
; DATA_WIDTH     ; 8     ; Signed Integer                     ;
; ADDR_WIDTH     ; 4     ; Signed Integer                     ;
+----------------+-------+------------------------------------+
Note: In order to hide this table in the UI and the text report file, please set the "Show Parameter Settings in Synthesis Report" option in "Analysis and Synthesis Settings -> More Settings" to "Off".


+-------------------------------------------------------------+
; Parameter Settings for User Entity Instance: fifo:u_fifo_tx ;
+----------------+-------+------------------------------------+
; Parameter Name ; Value ; Type                               ;
+----------------+-------+------------------------------------+
; DATA_WIDTH     ; 8     ; Signed Integer                     ;
; ADDR_WIDTH     ; 4     ; Signed Integer                     ;
+----------------+-------+------------------------------------+
Note: In order to hide this table in the UI and the text report file, please set the "Show Parameter Settings in Synthesis Report" option in "Analysis and Synthesis Settings -> More Settings" to "Off".


+-----------------------------------------------------------------------------------------+
; Parameter Settings for Inferred Entity Instance: fifo:u_fifo_tx|altsyncram:memory_rtl_0 ;
+------------------------------------+----------------------+-----------------------------+
; Parameter Name                     ; Value                ; Type                        ;
+------------------------------------+----------------------+-----------------------------+
; BYTE_SIZE_BLOCK                    ; 8                    ; Untyped                     ;
; AUTO_CARRY_CHAINS                  ; ON                   ; AUTO_CARRY                  ;
; IGNORE_CARRY_BUFFERS               ; OFF                  ; IGNORE_CARRY                ;
; AUTO_CASCADE_CHAINS                ; ON                   ; AUTO_CASCADE                ;
; IGNORE_CASCADE_BUFFERS             ; OFF                  ; IGNORE_CASCADE              ;
; WIDTH_BYTEENA                      ; 1                    ; Untyped                     ;
; OPERATION_MODE                     ; DUAL_PORT            ; Untyped                     ;
; WIDTH_A                            ; 8                    ; Untyped                     ;
; WIDTHAD_A                          ; 4                    ; Untyped                     ;
; NUMWORDS_A                         ; 16                   ; Untyped                     ;
; OUTDATA_REG_A                      ; UNREGISTERED         ; Untyped                     ;
; ADDRESS_ACLR_A                     ; NONE                 ; Untyped                     ;
; OUTDATA_ACLR_A                     ; NONE                 ; Untyped                     ;
; WRCONTROL_ACLR_A                   ; NONE                 ; Untyped                     ;
; INDATA_ACLR_A                      ; NONE                 ; Untyped                     ;
; BYTEENA_ACLR_A                     ; NONE                 ; Untyped                     ;
; WIDTH_B                            ; 8                    ; Untyped                     ;
; WIDTHAD_B                          ; 4                    ; Untyped                     ;
; NUMWORDS_B                         ; 16                   ; Untyped                     ;
; INDATA_REG_B                       ; CLOCK1               ; Untyped                     ;
; WRCONTROL_WRADDRESS_REG_B          ; CLOCK1               ; Untyped                     ;
; RDCONTROL_REG_B                    ; CLOCK1               ; Untyped                     ;
; ADDRESS_REG_B                      ; CLOCK0               ; Untyped                     ;
; OUTDATA_REG_B                      ; UNREGISTERED         ; Untyped                     ;
; BYTEENA_REG_B                      ; CLOCK1               ; Untyped                     ;
; INDATA_ACLR_B                      ; NONE                 ; Untyped                     ;
; WRCONTROL_ACLR_B                   ; NONE                 ; Untyped                     ;
; ADDRESS_ACLR_B                     ; NONE                 ; Untyped                     ;
; OUTDATA_ACLR_B                     ; NONE                 ; Untyped                     ;
; RDCONTROL_ACLR_B                   ; NONE                 ; Untyped                     ;
; BYTEENA_ACLR_B                     ; NONE                 ; Untyped                     ;
; WIDTH_BYTEENA_A                    ; 1                    ; Untyped                     ;
; WIDTH_BYTEENA_B                    ; 1                    ; Untyped                     ;
; RAM_BLOCK_TYPE                     ; AUTO                 ; Untyped                     ;
; BYTE_SIZE                          ; 8                    ; Untyped                     ;
; READ_DURING_WRITE_MODE_MIXED_PORTS ; DONT_CARE            ; Untyped                     ;
; READ_DURING_WRITE_MODE_PORT_A      ; NEW_DATA_NO_NBE_READ ; Untyped                     ;
; READ_DURING_WRITE_MODE_PORT_B      ; NEW_DATA_NO_NBE_READ ; Untyped                     ;
; INIT_FILE                          ; UNUSED               ; Untyped                     ;
; INIT_FILE_LAYOUT                   ; PORT_A               ; Untyped                     ;
; MAXIMUM_DEPTH                      ; 0                    ; Untyped                     ;
; CLOCK_ENABLE_INPUT_A               ; NORMAL               ; Untyped                     ;
; CLOCK_ENABLE_INPUT_B               ; NORMAL               ; Untyped                     ;
; CLOCK_ENABLE_OUTPUT_A              ; NORMAL               ; Untyped                     ;
; CLOCK_ENABLE_OUTPUT_B              ; NORMAL               ; Untyped                     ;
; CLOCK_ENABLE_CORE_A                ; USE_INPUT_CLKEN      ; Untyped                     ;
; CLOCK_ENABLE_CORE_B                ; USE_INPUT_CLKEN      ; Untyped                     ;
; ENABLE_ECC                         ; FALSE                ; Untyped                     ;
; ECC_PIPELINE_STAGE_ENABLED         ; FALSE                ; Untyped                     ;
; WIDTH_ECCSTATUS                    ; 3                    ; Untyped                     ;
; DEVICE_FAMILY                      ; Cyclone IV E         ; Untyped                     ;
; CBXI_PARAMETER                     ; altsyncram_5pd1      ; Untyped                     ;
+------------------------------------+----------------------+-----------------------------+
Note: In order to hide this table in the UI and the text report file, please set the "Show Parameter Settings in Synthesis Report" option in "Analysis and Synthesis Settings -> More Settings" to "Off".


+-----------------------------------------------------------------------------------------+
; Parameter Settings for Inferred Entity Instance: fifo:u_fifo_rx|altsyncram:memory_rtl_0 ;
+------------------------------------+----------------------+-----------------------------+
; Parameter Name                     ; Value                ; Type                        ;
+------------------------------------+----------------------+-----------------------------+
; BYTE_SIZE_BLOCK                    ; 8                    ; Untyped                     ;
; AUTO_CARRY_CHAINS                  ; ON                   ; AUTO_CARRY                  ;
; IGNORE_CARRY_BUFFERS               ; OFF                  ; IGNORE_CARRY                ;
; AUTO_CASCADE_CHAINS                ; ON                   ; AUTO_CASCADE                ;
; IGNORE_CASCADE_BUFFERS             ; OFF                  ; IGNORE_CASCADE              ;
; WIDTH_BYTEENA                      ; 1                    ; Untyped                     ;
; OPERATION_MODE                     ; DUAL_PORT            ; Untyped                     ;
; WIDTH_A                            ; 8                    ; Untyped                     ;
; WIDTHAD_A                          ; 4                    ; Untyped                     ;
; NUMWORDS_A                         ; 16                   ; Untyped                     ;
; OUTDATA_REG_A                      ; UNREGISTERED         ; Untyped                     ;
; ADDRESS_ACLR_A                     ; NONE                 ; Untyped                     ;
; OUTDATA_ACLR_A                     ; NONE                 ; Untyped                     ;
; WRCONTROL_ACLR_A                   ; NONE                 ; Untyped                     ;
; INDATA_ACLR_A                      ; NONE                 ; Untyped                     ;
; BYTEENA_ACLR_A                     ; NONE                 ; Untyped                     ;
; WIDTH_B                            ; 8                    ; Untyped                     ;
; WIDTHAD_B                          ; 4                    ; Untyped                     ;
; NUMWORDS_B                         ; 16                   ; Untyped                     ;
; INDATA_REG_B                       ; CLOCK1               ; Untyped                     ;
; WRCONTROL_WRADDRESS_REG_B          ; CLOCK1               ; Untyped                     ;
; RDCONTROL_REG_B                    ; CLOCK1               ; Untyped                     ;
; ADDRESS_REG_B                      ; CLOCK0               ; Untyped                     ;
; OUTDATA_REG_B                      ; UNREGISTERED         ; Untyped                     ;
; BYTEENA_REG_B                      ; CLOCK1               ; Untyped                     ;
; INDATA_ACLR_B                      ; NONE                 ; Untyped                     ;
; WRCONTROL_ACLR_B                   ; NONE                 ; Untyped                     ;
; ADDRESS_ACLR_B                     ; NONE                 ; Untyped                     ;
; OUTDATA_ACLR_B                     ; NONE                 ; Untyped                     ;
; RDCONTROL_ACLR_B                   ; NONE                 ; Untyped                     ;
; BYTEENA_ACLR_B                     ; NONE                 ; Untyped                     ;
; WIDTH_BYTEENA_A                    ; 1                    ; Untyped                     ;
; WIDTH_BYTEENA_B                    ; 1                    ; Untyped                     ;
; RAM_BLOCK_TYPE                     ; AUTO                 ; Untyped                     ;
; BYTE_SIZE                          ; 8                    ; Untyped                     ;
; READ_DURING_WRITE_MODE_MIXED_PORTS ; DONT_CARE            ; Untyped                     ;
; READ_DURING_WRITE_MODE_PORT_A      ; NEW_DATA_NO_NBE_READ ; Untyped                     ;
; READ_DURING_WRITE_MODE_PORT_B      ; NEW_DATA_NO_NBE_READ ; Untyped                     ;
; INIT_FILE                          ; UNUSED               ; Untyped                     ;
; INIT_FILE_LAYOUT                   ; PORT_A               ; Untyped                     ;
; MAXIMUM_DEPTH                      ; 0                    ; Untyped                     ;
; CLOCK_ENABLE_INPUT_A               ; NORMAL               ; Untyped                     ;
; CLOCK_ENABLE_INPUT_B               ; NORMAL               ; Untyped                     ;
; CLOCK_ENABLE_OUTPUT_A              ; NORMAL               ; Untyped                     ;
; CLOCK_ENABLE_OUTPUT_B              ; NORMAL               ; Untyped                     ;
; CLOCK_ENABLE_CORE_A                ; USE_INPUT_CLKEN      ; Untyped                     ;
; CLOCK_ENABLE_CORE_B                ; USE_INPUT_CLKEN      ; Untyped                     ;
; ENABLE_ECC                         ; FALSE                ; Untyped                     ;
; ECC_PIPELINE_STAGE_ENABLED         ; FALSE                ; Untyped                     ;
; WIDTH_ECCSTATUS                    ; 3                    ; Untyped                     ;
; DEVICE_FAMILY                      ; Cyclone IV E         ; Untyped                     ;
; CBXI_PARAMETER                     ; altsyncram_5pd1      ; Untyped                     ;
+------------------------------------+----------------------+-----------------------------+
Note: In order to hide this table in the UI and the text report file, please set the "Show Parameter Settings in Synthesis Report" option in "Analysis and Synthesis Settings -> More Settings" to "Off".


+------------------------------------------------------------------------------------+
; altsyncram Parameter Settings by Entity Instance                                   ;
+-------------------------------------------+----------------------------------------+
; Name                                      ; Value                                  ;
+-------------------------------------------+----------------------------------------+
; Number of entity instances                ; 2                                      ;
; Entity Instance                           ; fifo:u_fifo_tx|altsyncram:memory_rtl_0 ;
;     -- OPERATION_MODE                     ; DUAL_PORT                              ;
;     -- WIDTH_A                            ; 8                                      ;
;     -- NUMWORDS_A                         ; 16                                     ;
;     -- OUTDATA_REG_A                      ; UNREGISTERED                           ;
;     -- WIDTH_B                            ; 8                                      ;
;     -- NUMWORDS_B                         ; 16                                     ;
;     -- ADDRESS_REG_B                      ; CLOCK0                                 ;
;     -- OUTDATA_REG_B                      ; UNREGISTERED                           ;
;     -- RAM_BLOCK_TYPE                     ; AUTO                                   ;
;     -- READ_DURING_WRITE_MODE_MIXED_PORTS ; DONT_CARE                              ;
; Entity Instance                           ; fifo:u_fifo_rx|altsyncram:memory_rtl_0 ;
;     -- OPERATION_MODE                     ; DUAL_PORT                              ;
;     -- WIDTH_A                            ; 8                                      ;
;     -- NUMWORDS_A                         ; 16                                     ;
;     -- OUTDATA_REG_A                      ; UNREGISTERED                           ;
;     -- WIDTH_B                            ; 8                                      ;
;     -- NUMWORDS_B                         ; 16                                     ;
;     -- ADDRESS_REG_B                      ; CLOCK0                                 ;
;     -- OUTDATA_REG_B                      ; UNREGISTERED                           ;
;     -- RAM_BLOCK_TYPE                     ; AUTO                                   ;
;     -- READ_DURING_WRITE_MODE_MIXED_PORTS ; DONT_CARE                              ;
+-------------------------------------------+----------------------------------------+


+------------------------------------------------------------------------------------------------------------------+
; Port Connectivity Checks: "fifo:u_fifo_rx"                                                                       ;
+--------+--------+----------+-------------------------------------------------------------------------------------+
; Port   ; Type   ; Severity ; Details                                                                             ;
+--------+--------+----------+-------------------------------------------------------------------------------------+
; full_o ; Output ; Info     ; Connected to dangling logic. Logic that only feeds a dangling port will be removed. ;
+--------+--------+----------+-------------------------------------------------------------------------------------+


+-------------------------------+
; Elapsed Time Per Partition    ;
+----------------+--------------+
; Partition Name ; Elapsed Time ;
+----------------+--------------+
; Top            ; 00:00:00     ;
+----------------+--------------+


+-------------------------------+
; Analysis & Synthesis Messages ;
+-------------------------------+
Info: *******************************************************************
Info: Running Quartus II 64-Bit Analysis & Synthesis
    Info: Version 13.1.0 Build 162 10/23/2013 SJ Web Edition
    Info: Processing started: Mon Sep 14 07:03:55 2026
Info: Command: quartus_map --read_settings_files=on --write_settings_files=off uart -c uart
Info (20030): Parallel compilation is enabled and will use 16 of the 32 processors detected
Info (12021): Found 1 design units, including 1 entities, in source file tx_controller.v
    Info (12023): Found entity 1: tx_controller
Info (12021): Found 1 design units, including 1 entities, in source file baud_gen.v
    Info (12023): Found entity 1: baud_gen
Info (12021): Found 1 design units, including 1 entities, in source file uart_rx.v
    Info (12023): Found entity 1: uart_rx
Info (12021): Found 1 design units, including 1 entities, in source file uart_tx.v
    Info (12023): Found entity 1: uart_tx
Info (12021): Found 1 design units, including 1 entities, in source file fifo.v
    Info (12023): Found entity 1: fifo
Info (12021): Found 1 design units, including 1 entities, in source file uart.v
    Info (12023): Found entity 1: uart
Info (12127): Elaborating entity "uart" for the top level hierarchy
Info (12128): Elaborating entity "baud_gen" for hierarchy "baud_gen:u_baud_gen"
Info (12128): Elaborating entity "uart_rx" for hierarchy "uart_rx:u_uart_rx"
Info (12128): Elaborating entity "fifo" for hierarchy "fifo:u_fifo_rx"
Info (10264): Verilog HDL Case Statement information at fifo.v(42): all case item expressions in this case statement are onehot
Info (12128): Elaborating entity "tx_controller" for hierarchy "tx_controller:u_tx_controller"
Info (12128): Elaborating entity "uart_tx" for hierarchy "uart_tx:u_uart_tx"
Warning (276020): Inferred RAM node "fifo:u_fifo_tx|memory_rtl_0" from synchronous design logic.  Pass-through logic has been added to match the read-during-write behavior of the original design.
Warning (276020): Inferred RAM node "fifo:u_fifo_rx|memory_rtl_0" from synchronous design logic.  Pass-through logic has been added to match the read-during-write behavior of the original design.
Info (19000): Inferred 2 megafunctions from design logic
    Info (276029): Inferred altsyncram megafunction from the following design logic: "fifo:u_fifo_tx|memory_rtl_0" 
        Info (286033): Parameter OPERATION_MODE set to DUAL_PORT
        Info (286033): Parameter WIDTH_A set to 8
        Info (286033): Parameter WIDTHAD_A set to 4
        Info (286033): Parameter NUMWORDS_A set to 16
        Info (286033): Parameter WIDTH_B set to 8
        Info (286033): Parameter WIDTHAD_B set to 4
        Info (286033): Parameter NUMWORDS_B set to 16
        Info (286033): Parameter ADDRESS_ACLR_A set to NONE
        Info (286033): Parameter OUTDATA_REG_B set to UNREGISTERED
        Info (286033): Parameter ADDRESS_ACLR_B set to NONE
        Info (286033): Parameter OUTDATA_ACLR_B set to NONE
        Info (286033): Parameter ADDRESS_REG_B set to CLOCK0
        Info (286033): Parameter INDATA_ACLR_A set to NONE
        Info (286033): Parameter WRCONTROL_ACLR_A set to NONE
    Info (276029): Inferred altsyncram megafunction from the following design logic: "fifo:u_fifo_rx|memory_rtl_0" 
        Info (286033): Parameter OPERATION_MODE set to DUAL_PORT
        Info (286033): Parameter WIDTH_A set to 8
        Info (286033): Parameter WIDTHAD_A set to 4
        Info (286033): Parameter NUMWORDS_A set to 16
        Info (286033): Parameter WIDTH_B set to 8
        Info (286033): Parameter WIDTHAD_B set to 4
        Info (286033): Parameter NUMWORDS_B set to 16
        Info (286033): Parameter ADDRESS_ACLR_A set to NONE
        Info (286033): Parameter OUTDATA_REG_B set to UNREGISTERED
        Info (286033): Parameter ADDRESS_ACLR_B set to NONE
        Info (286033): Parameter OUTDATA_ACLR_B set to NONE
        Info (286033): Parameter ADDRESS_REG_B set to CLOCK0
        Info (286033): Parameter INDATA_ACLR_A set to NONE
        Info (286033): Parameter WRCONTROL_ACLR_A set to NONE
Info (12130): Elaborated megafunction instantiation "fifo:u_fifo_tx|altsyncram:memory_rtl_0"
Info (12133): Instantiated megafunction "fifo:u_fifo_tx|altsyncram:memory_rtl_0" with the following parameter:
    Info (12134): Parameter "OPERATION_MODE" = "DUAL_PORT"
    Info (12134): Parameter "WIDTH_A" = "8"
    Info (12134): Parameter "WIDTHAD_A" = "4"
    Info (12134): Parameter "NUMWORDS_A" = "16"
    Info (12134): Parameter "WIDTH_B" = "8"
    Info (12134): Parameter "WIDTHAD_B" = "4"
    Info (12134): Parameter "NUMWORDS_B" = "16"
    Info (12134): Parameter "ADDRESS_ACLR_A" = "NONE"
    Info (12134): Parameter "OUTDATA_REG_B" = "UNREGISTERED"
    Info (12134): Parameter "ADDRESS_ACLR_B" = "NONE"
    Info (12134): Parameter "OUTDATA_ACLR_B" = "NONE"
    Info (12134): Parameter "ADDRESS_REG_B" = "CLOCK0"
    Info (12134): Parameter "INDATA_ACLR_A" = "NONE"
    Info (12134): Parameter "WRCONTROL_ACLR_A" = "NONE"
Info (12021): Found 1 design units, including 1 entities, in source file db/altsyncram_5pd1.tdf
    Info (12023): Found entity 1: altsyncram_5pd1
Info (13000): Registers with preset signals will power-up high
Info (13003): DEV_CLRn pin will set, and not reset, register with preset signal due to NOT Gate Push-Back
Info (286030): Timing-Driven Synthesis is running
Info (17049): 4 registers lost all their fanouts during netlist optimizations.
Info (16010): Generating hard_block partition "hard_block:auto_generated_inst"
    Info (16011): Adding 0 node(s), including 0 DDIO, 0 PLL, 0 transceiver and 0 LCELL
Info (21057): Implemented 271 device resources after synthesis - the final resource count might be different
    Info (21058): Implemented 3 input pins
    Info (21059): Implemented 1 output pins
    Info (21061): Implemented 251 logic cells
    Info (21064): Implemented 16 RAM segments
Info: Quartus II 64-Bit Analysis & Synthesis was successful. 0 errors, 2 warnings
    Info: Peak virtual memory: 4688 megabytes
    Info: Processing ended: Mon Sep 14 07:03:56 2026
    Info: Elapsed time: 00:00:01
    Info: Total CPU time (on all processors): 00:00:01


